// Vitest Snapshot v1, https://vitest.dev/guide/snapshot.html

exports[`has option to disable change logs 1`] = `
"
Nano Stores mount: $atom store was mounted
Nano Stores mount: $map store was mounted
Nano Stores unmount: $atom store was unmounted
Nano Stores unmount: $map store was unmounted
"
`;

exports[`has option to disable mount logs 1`] = `
"
Nano Stores unmount: $atom store was unmounted
"
`;

exports[`has option to disable unmount logs 1`] = `
"
Nano Stores mount: $atom store was mounted
"
`;

exports[`prints logs 1`] = `
"
Nano Stores mount: $atom store was mounted
Nano Stores change: $atom store was changed
  new: 100
Nano Stores change: $atom store was changed
  new: 101
  old: 100
Nano Stores change: $atom store was changed
  new: 102
  old: 101
Nano Stores change: $atom store was changed
  new: 103
  old: 102
Nano Stores change: $atom store was changed
  new: 104
  old: 103
Nano Stores unmount: $atom store was unmounted
Nano Stores change: $map store was changed in the artworks key
  value: 213 → 303 
  new: {"artworks":303,"fullname":"Nikolay Suetin","id":"A10","username":"suetin"}
  old: {"artworks":213,"fullname":"Nikolay Suetin","id":"A10","username":"suetin"}
Nano Stores change: $map store was changed in the username key
  value: suetin → chashnik 
  new: {"artworks":303,"fullname":"Nikolay Suetin","id":"A10","username":"chashnik"}
  old: {"artworks":303,"fullname":"Nikolay Suetin","id":"A10","username":"suetin"}
Nano Stores change: $map store was changed in the fullname key
  value: Nikolay Suetin → Ilya Chashnik 
  new: {"artworks":303,"fullname":"Ilya Chashnik","id":"A10","username":"chashnik"}
  old: {"artworks":303,"fullname":"Nikolay Suetin","id":"A10","username":"chashnik"}
Nano Stores change: $map store was changed in the username key
  value: chashnik → malevich 
  new: {"artworks":303,"fullname":"Ilya Chashnik","id":"A10","username":"malevich"}
  old: {"artworks":303,"fullname":"Ilya Chashnik","id":"A10","username":"chashnik"}
Nano Stores change: $map store was changed in the fullname key
  value: Ilya Chashnik → Kazimir Malevich 
  new: {"artworks":303,"fullname":"Kazimir Malevich","id":"A10","username":"malevich"}
  old: {"artworks":303,"fullname":"Ilya Chashnik","id":"A10","username":"malevich"}
Nano Stores change: $deepMap store was changed in the artists.malevich.movement key
  new: {"artists":{"malevich":{"artworks":["Black Square"],"movement":"Suprematism"}}}
  old: {"artists":{"malevich":{"artworks":["Black Square"],"movement":null}}}
Nano Stores mount: $deepMap store was mounted
Nano Stores change: $deepMap store was changed in the artists.malevich.artworks[1] key
  new: {"artists":{"malevich":{"artworks":["Black Square","White on White"],"movement":"Suprematism"}}}
  old: {"artists":{"malevich":{"artworks":["Black Square"],"movement":"Suprematism"}}}
Nano Stores change: $deepMap store was changed in the artists.malevich.artworks[2] key
  new: {"artists":{"malevich":{"artworks":["Black Square","White on White","Suprematist Composition"],"movement":"Suprematism"}}}
  old: {"artists":{"malevich":{"artworks":["Black Square","White on White"],"movement":"Suprematism"}}}
Nano Stores change: $deepMap store was changed in the artists.malevich.artworks[3] key
  new: {"artists":{"malevich":{"artworks":["Black Square","White on White","Suprematist Composition","Black Circle"],"movement":"Suprematism"}}}
  old: {"artists":{"malevich":{"artworks":["Black Square","White on White","Suprematist Composition"],"movement":"Suprematism"}}}
Nano Stores unmount: $deepMap store was unmounted
"
`;
